Copyright 1986-2022 Xilinx, Inc. All Rights Reserved. Copyright 2022-2024 Advanced Micro Devices, Inc. All Rights Reserved.
------------------------------------------------------------------------------------------------------------------------------------------------------------------------------------------------------
| Tool Version : Vivado v.2024.1 (win64) Build 5076996 Wed May 22 18:37:14 MDT 2024
| Date         : Sun Apr 20 20:46:30 2025
| Host         : Raott running 64-bit major release  (build 9200)
| Command      : report_bus_skew -warn_on_violation -file multi_cycle_cpu_display_bus_skew_routed.rpt -pb multi_cycle_cpu_display_bus_skew_routed.pb -rpx multi_cycle_cpu_display_bus_skew_routed.rpx
| Design       : multi_cycle_cpu_display
| Device       : 7a200t-fbg676
| Speed File   : -2  PRODUCTION 1.23 2018-06-13
| Design State : Routed
------------------------------------------------------------------------------------------------------------------------------------------------------------------------------------------------------

Bus Skew Report

No bus skew constraints

